{
  "name": "共情疲劳回访",
  "input": {
    "topic": "共情疲劳"
  },
  "expected": {
    "title_prefix": "共情疲劳",
    "paragraph_range": [5, 8],
    "must_keywords": ["共情", "疗愈", "心理咨询"],
    "summary_keywords": ["疲劳", "支持"]
  },
  "mock_output": {
    "title": "共情疲劳是一种心理防御 —— 林若宁（剧集《疗愈日记》）",
    "summary": "林若宁在长期照料工作中经历的共情疲劳，并在同侪支持与督导协助下重建自我节奏。",
    "tags": ["心理学", "共情", "疗愈"],
    "body": "第一段：林若宁作为临床心理师，长期暴露在来访者创伤叙述中，她开始出现持续性心累与注意力下滑。\n\n第二段：共情疲劳并非缺乏专业能力，而是大脑在高强度情感投入后开启的节能模式。\n\n第三段：剧中她选择在周三晚间和同事做团体督导，分享难以承受的个案故事。\n\n第四段：督导与同侪反馈提供情绪卸载渠道，让她意识到“需要帮助”也是专业的一部分。\n\n第五段：她开始练习身心界限，将瑜伽与自然散步视为疗愈仪式，并在日程上标注“心理咨询以外的自我时段”。\n\n第六段：这种调节方式让她在后续个案里维持稳定共情，同时也有余力陪伴家人。"
  }
}
