{
  "name": "家庭系统再平衡",
  "input": {
    "topic": "原生家庭界限"
  },
  "expected": {
    "title_prefix": "原生家庭",
    "paragraph_range": [4, 6],
    "must_keywords": ["界限", "自我", "家庭系统"],
    "summary_keywords": ["独立", "练习"]
  },
  "mock_output": {
    "title": "原生家庭界限是一门练习 —— 苏沐晴（剧集《不完美的家》）",
    "summary": "苏沐晴从“听话女儿”到敢于表达界限的过程，展示了家庭系统自我分化与独立练习的可能。",
    "tags": ["家庭系统", "界限", "成长"],
    "body": "第一段：苏沐晴长期被母亲以“都是为你好”框住生活选择，出国机会因此被搁置。\n\n第二段：剧情转折点在于她参加家庭治疗，治疗师请她描绘家庭系统图，第一次明确写下“想要自己的生活”，并说出“我想找回自我”。\n\n第三段：她尝试在周末不回家饭局，而是和朋友参加陶艺课，练习说出“这是我的界限”，结果遭到母亲连环电话指责不孝。\n\n第四段：治疗师教她用“我讯息”表达边界——“我需要自己的时间”，而非继续指责对方。\n\n第五段：当她坚持练习后，父亲开始支持她的音乐计划，家庭互动从单向命令变成协商。"
  }
}
